// Vitest Snapshot v1, https://vitest.dev/guide/snapshot.html

exports[`CouncilField GL traffic (spec §8, §10.6) > freezes the init + FLASH frame call log 1`] = `
{
  "frames": [
    "clearColor(0, 0, 0, 0)",
    "clear(16384)",
    "uniform2f("uniform:program:2:u_resolution", 980, 640)",
    "uniform1f("uniform:program:2:u_time", 0.016)",
    "uniform1i("uniform:program:2:u_ui_mode", 2)",
    "uniform1i("uniform:program:2:u_anim_phase", 2)",
    "uniform1f("uniform:program:2:u_phase_t", 0.042105263157894736)",
    "uniform1f("uniform:program:2:u_phase_ms", 16)",
    "uniform2f("uniform:program:2:u_seatA", 0.2755102040816326, 0.5)",
    "uniform2f("uniform:program:2:u_seatB", 0.7244897959183674, 0.5)",
    "uniform3f("uniform:program:2:u_colorA", 1, 0, 0.24620132670783548)",
    "uniform3f("uniform:program:2:u_colorB", 0, 1, 0.4019777798321958)",
    "uniform2f("uniform:program:2:u_pointer", 0, 0)",
    "uniform1f("uniform:program:2:u_pointer_live", 0)",
    "uniform1f("uniform:program:2:u_intensity", 1)",
    "uniform3f("uniform:program:2:u_eject", 0, 318, 1)",
    "uniform3f("uniform:program:2:u_eject_color", 0, 1, 0.4019777798321958)",
    "uniform4f("uniform:program:2:u_flow", 0.016, 7.016, 0.6270739405881613, 0.7342509443406016)",
    "uniform1f("uniform:program:2:u_flow_w", 0.0022857142857143353)",
    "uniform1f("uniform:program:2:u_lens_d", 3.1038299268910468)",
    "uniform1i("uniform:program:2:u_geodesic", 0)",
    "uniform1i("uniform:program:2:u_deflect", 1)",
    "uniform1i("uniform:program:2:u_matter", 2)",
    "uniform2fv("uniform:program:2:u_armA", [0,0,0,0,0,0,0,0,0,0,0,0,0,0,0,0,0,0,0,0,0,0,0,0,0,0,0,0,0,0,0,0,0,0,0,0,0,0,0,0,0,0,0,0,0,0,0,0,0,0])",
    "uniform2fv("uniform:program:2:u_armB", [0,0,0,0,0,0,0,0,0,0,0,0,0,0,0,0,0,0,0,0,0,0,0,0,0,0,0,0,0,0,0,0,0,0,0,0,0,0,0,0,0,0,0,0,0,0,0,0,0,0])",
    "uniform2f("uniform:program:2:u_arm_prog", 0, 0)",
    "drawArrays(5, 0, 4)",
    "clearColor(0, 0, 0, 0)",
    "clear(16384)",
    "uniform2f("uniform:program:2:u_resolution", 980, 640)",
    "uniform1f("uniform:program:2:u_time", 0.032)",
    "uniform1i("uniform:program:2:u_ui_mode", 2)",
    "uniform1i("uniform:program:2:u_anim_phase", 2)",
    "uniform1f("uniform:program:2:u_phase_t", 0.08421052631578947)",
    "uniform1f("uniform:program:2:u_phase_ms", 32)",
    "uniform2f("uniform:program:2:u_seatA", 0.2755102040816326, 0.5)",
    "uniform2f("uniform:program:2:u_seatB", 0.7244897959183674, 0.5)",
    "uniform3f("uniform:program:2:u_colorA", 1, 0, 0.24620132670783548)",
    "uniform3f("uniform:program:2:u_colorB", 0, 1, 0.4019777798321958)",
    "uniform2f("uniform:program:2:u_pointer", 0, 0)",
    "uniform1f("uniform:program:2:u_pointer_live", 0)",
    "uniform1f("uniform:program:2:u_intensity", 1)",
    "uniform3f("uniform:program:2:u_eject", 0, 318, 1)",
    "uniform3f("uniform:program:2:u_eject_color", 0, 1, 0.4019777798321958)",
    "uniform4f("uniform:program:2:u_flow", 0.032, 7.032000000000001, 0.6270739405881613, 0.7342509443406016)",
    "uniform1f("uniform:program:2:u_flow_w", 0.00457142857142856)",
    "uniform1f("uniform:program:2:u_lens_d", 3.1038299268910468)",
    "uniform1i("uniform:program:2:u_geodesic", 0)",
    "uniform1i("uniform:program:2:u_deflect", 1)",
    "uniform1i("uniform:program:2:u_matter", 2)",
    "uniform2fv("uniform:program:2:u_armA", [0,0,0,0,0,0,0,0,0,0,0,0,0,0,0,0,0,0,0,0,0,0,0,0,0,0,0,0,0,0,0,0,0,0,0,0,0,0,0,0,0,0,0,0,0,0,0,0,0,0])",
    "uniform2fv("uniform:program:2:u_armB", [0,0,0,0,0,0,0,0,0,0,0,0,0,0,0,0,0,0,0,0,0,0,0,0,0,0,0,0,0,0,0,0,0,0,0,0,0,0,0,0,0,0,0,0,0,0,0,0,0,0])",
    "uniform2f("uniform:program:2:u_arm_prog", 0, 0)",
    "drawArrays(5, 0, 4)",
    "clearColor(0, 0, 0, 0)",
    "clear(16384)",
    "uniform2f("uniform:program:2:u_resolution", 980, 640)",
    "uniform1f("uniform:program:2:u_time", 0.048)",
    "uniform1i("uniform:program:2:u_ui_mode", 2)",
    "uniform1i("uniform:program:2:u_anim_phase", 2)",
    "uniform1f("uniform:program:2:u_phase_t", 0.12631578947368421)",
    "uniform1f("uniform:program:2:u_phase_ms", 48)",
    "uniform2f("uniform:program:2:u_seatA", 0.2755102040816326, 0.5)",
    "uniform2f("uniform:program:2:u_seatB", 0.7244897959183674, 0.5)",
    "uniform3f("uniform:program:2:u_colorA", 1, 0, 0.24620132670783548)",
    "uniform3f("uniform:program:2:u_colorB", 0, 1, 0.4019777798321958)",
    "uniform2f("uniform:program:2:u_pointer", 0, 0)",
    "uniform1f("uniform:program:2:u_pointer_live", 0)",
    "uniform1f("uniform:program:2:u_intensity", 1)",
    "uniform3f("uniform:program:2:u_eject", 0, 318, 1)",
    "uniform3f("uniform:program:2:u_eject_color", 0, 1, 0.4019777798321958)",
    "uniform4f("uniform:program:2:u_flow", 0.048, 7.048, 0.6270739405881613, 0.7342509443406016)",
    "uniform1f("uniform:program:2:u_flow_w", 0.006857142857142895)",
    "uniform1f("uniform:program:2:u_lens_d", 3.1038299268910468)",
    "uniform1i("uniform:program:2:u_geodesic", 0)",
    "uniform1i("uniform:program:2:u_deflect", 1)",
    "uniform1i("uniform:program:2:u_matter", 2)",
    "uniform2fv("uniform:program:2:u_armA", [0,0,0,0,0,0,0,0,0,0,0,0,0,0,0,0,0,0,0,0,0,0,0,0,0,0,0,0,0,0,0,0,0,0,0,0,0,0,0,0,0,0,0,0,0,0,0,0,0,0])",
    "uniform2fv("uniform:program:2:u_armB", [0,0,0,0,0,0,0,0,0,0,0,0,0,0,0,0,0,0,0,0,0,0,0,0,0,0,0,0,0,0,0,0,0,0,0,0,0,0,0,0,0,0,0,0,0,0,0,0,0,0])",
    "uniform2f("uniform:program:2:u_arm_prog", 0, 0)",
    "drawArrays(5, 0, 4)",
  ],
  "init": [
    "createShader(35633)",
    "shaderSource("shader:0", "src:97:63f7abf5")",
    "compileShader("shader:0")",
    "getShaderParameter("shader:0", 35713)",
    "createShader(35632)",
    "shaderSource("shader:1", "src:12809:5fd781d2")",
    "compileShader("shader:1")",
    "getShaderParameter("shader:1", 35713)",
    "createProgram()",
    "attachShader("program:2", "shader:0")",
    "attachShader("program:2", "shader:1")",
    "linkProgram("program:2")",
    "deleteShader("shader:0")",
    "deleteShader("shader:1")",
    "getProgramParameter("program:2", 35714)",
    "viewport(0, 0, 980, 640)",
    "createVertexArray()",
    "bindVertexArray("vao:3")",
    "createBuffer()",
    "bindBuffer(34962, "buffer:4")",
    "bufferData(34962, [-1,-1,1,-1,-1,1,1,1], 35044)",
    "enableVertexAttribArray(0)",
    "vertexAttribPointer(0, 2, 5126, false, 0, 0)",
    "createTexture()",
    "activeTexture(33984)",
    "bindTexture(3553, "texture:5")",
    "texImage2D(#2408937:949e64bc)",
    "texParameteri(3553, 10241, 9729)",
    "texParameteri(3553, 10240, 9729)",
    "texParameteri(3553, 10242, 33071)",
    "texParameteri(3553, 10243, 33071)",
    "createTexture()",
    "activeTexture(33985)",
    "bindTexture(3553, "texture:6")",
    "texImage2D(#4925:b79d86c4)",
    "texParameteri(3553, 10241, 9729)",
    "texParameteri(3553, 10240, 9729)",
    "texParameteri(3553, 10242, 33071)",
    "texParameteri(3553, 10243, 33071)",
    "createTexture()",
    "activeTexture(33986)",
    "bindTexture(3553, "texture:7")",
    "texImage2D(#965594:5cf41971)",
    "texParameteri(3553, 10241, 9729)",
    "texParameteri(3553, 10240, 9729)",
    "texParameteri(3553, 10242, 10497)",
    "texParameteri(3553, 10243, 10497)",
    "viewport(0, 0, 980, 640)",
    "useProgram("program:2")",
    "enable(3042)",
    "blendFunc(1, 771)",
    "getUniformLocation("program:2", "u_resolution")",
    "getUniformLocation("program:2", "u_time")",
    "getUniformLocation("program:2", "u_ui_mode")",
    "getUniformLocation("program:2", "u_anim_phase")",
    "getUniformLocation("program:2", "u_phase_t")",
    "getUniformLocation("program:2", "u_phase_ms")",
    "getUniformLocation("program:2", "u_seatA")",
    "getUniformLocation("program:2", "u_seatB")",
    "getUniformLocation("program:2", "u_colorA")",
    "getUniformLocation("program:2", "u_colorB")",
    "getUniformLocation("program:2", "u_pointer")",
    "getUniformLocation("program:2", "u_pointer_live")",
    "getUniformLocation("program:2", "u_intensity")",
    "getUniformLocation("program:2", "u_eject")",
    "getUniformLocation("program:2", "u_eject_color")",
    "getUniformLocation("program:2", "u_flow")",
    "getUniformLocation("program:2", "u_flow_w")",
    "getUniformLocation("program:2", "u_lens_d")",
    "getUniformLocation("program:2", "u_geodesic")",
    "getUniformLocation("program:2", "u_deflect")",
    "getUniformLocation("program:2", "u_matter")",
    "getUniformLocation("program:2", "u_armA")",
    "getUniformLocation("program:2", "u_armB")",
    "getUniformLocation("program:2", "u_arm_prog")",
  ],
}
`;
